<button name="name"
        class=" tbxforms-button tbxforms-button--warning"
        id="id_name">Title</button>
