<button name="name"
        class="extra-css-class tbxforms-button tbxforms-button--primary"
        id="id_name">Title</button>
