<button class="tbxforms-button tbxforms-button--primary" id="id_name" key="value" name="name">
 Title
</button>
