<button aria-disabled="true" class="tbxforms-button tbxforms-button--primary" disabled="disabled" id="id_name" name="name">
 Title
</button>
