<button class="tbxforms-button tbxforms-button--primary" id="new_id" name="name">
 Title
</button>
