<button class="tbxforms-button tbxforms-button--secondary" id="id_name" name="name">
 Title
</button>
