<form method="post">
 <div class="tbxforms-form-group" id="div_id_description">
  <label class="tbxforms-label" for="id_description">
   Description
  </label>
  <textarea class="tbxforms-textarea" cols="40" id="id_description" name="description" rows="10">
</textarea>
 </div>
</form>
