<form method="post">
 <div class="tbxforms-form-group" id="div_id_description">
  <label class="tbxforms-label tbxforms-label--l" for="id_description">
   Description
  </label>
  <span class="tbxforms-hint" id="id_description_hint">
   Help text
  </span>
  <textarea aria-describedby="id_description_hint" class="tbxforms-textarea" cols="40" id="id_description" name="description" rows="10">
</textarea>
 </div>
</form>
