<form enctype="multipart/form-data" method="post">
 <div class="tbxforms-form-group" id="div_id_file">
  <label class="tbxforms-label" for="id_file">
   Upload a file
  </label>
  <input class="tbxforms-file-upload" id="id_file" name="file" type="file"/>
 </div>
</form>
