<form enctype="multipart/form-data" method="post">
 <div class="tbxforms-form-group" id="div_id_file">
  <span class="tbxforms-hint" id="id_file_hint">
   Select the CSV file to upload.
  </span>
  <input aria-describedby="id_file_hint" class="tbxforms-file-upload" id="id_file" name="file" type="file"/>
 </div>
</form>
