<form method="post">
 <div aria-labelledby="error-summary-title" class="tbxforms-error-summary" role="alert" tabindex="-1">
  <h2 class="tbxforms-error-summary__title" id="error-summary-title">
   There is a problem with your submission
  </h2>
  <div class="tbxforms-error-summary__body">
   <ul class="tbxforms-list tbxforms-error-summary__list">
    <li>
     <a href="#div_id_accept" title="Jump to the 'I accept the terms of service' field">
      I accept the terms of service: You must accept our terms of service
     </a>
    </li>
   </ul>
  </div>
 </div>
 <div class="tbxforms-form-group tbxforms-form-group--error" id="div_id_accept">
  <span class="tbxforms-error-message" id="id_accept_1_error">
   <span class="tbxforms-visually-hidden">
    Error:
   </span>
   You must accept our terms of service
  </span>
  <div class="tbxforms-checkboxes">
   <div class="tbxforms-checkboxes__item">
    <input aria-describedby="id_accept_1_error" class="tbxforms-checkboxes__input" id="id_accept" name="accept" type="checkbox"/>
    <label class="tbxforms-label tbxforms-checkboxes__label" for="id_accept">
     I accept the terms of service
    </label>
   </div>
  </div>
 </div>
</form>
