<form method="post">
 <div class="tbxforms-form-group" id="div_id_accept">
  <span class="tbxforms-hint" id="id_accept_hint">
   Please read the terms of service.
  </span>
  <div class="tbxforms-checkboxes tbxforms-checkboxes--small">
   <div class="tbxforms-checkboxes__item">
    <input aria-describedby="id_accept_hint" class="tbxforms-checkboxes__input" id="id_accept" name="accept" type="checkbox"/>
    <label class="tbxforms-label tbxforms-checkboxes__label" for="id_accept">
     I accept the terms of service
    </label>
   </div>
  </div>
 </div>
</form>
