<form method="post">
 <div class="tbxforms-form-group" id="div_id_method">
  <fieldset class="tbxforms-fieldset">
   <legend class="tbxforms-fieldset__legend">
    How would you like to be contacted?
   </legend>
   <div class="tbxforms-radios">
    <div class="tbxforms-radios__item">
     <input class="tbxforms-radios__input" id="id_method_1" name="method" type="radio" value="email"/>
     <label class="tbxforms-label tbxforms-radios__label" for="id_method_1">
      Email
     </label>
    </div>
    <div class="tbxforms-radios__item">
     <input class="tbxforms-radios__input" id="id_method_2" name="method" type="radio" value="phone"/>
     <label class="tbxforms-label tbxforms-radios__label" for="id_method_2">
      Phone
     </label>
    </div>
    <div class="tbxforms-radios__item">
     <input class="tbxforms-radios__input" id="id_method_3" name="method" type="radio" value="text"/>
     <label class="tbxforms-label tbxforms-radios__label" for="id_method_3">
      Text message
     </label>
    </div>
   </div>
  </fieldset>
 </div>
</form>
