<form method="post">
 <div class="tbxforms-form-group" id="div_id_method">
  <fieldset aria-describedby="id_method_hint" class="tbxforms-fieldset">
   <legend class="tbxforms-fieldset__legend">
    How would you like to be contacted?
   </legend>
   <span class="tbxforms-hint" id="id_method_hint">
    Select the most convenient way to contact you.
   </span>
   <div class="tbxforms-radios">
    <div class="tbxforms-radios__item">
     <input aria-describedby="id_method_1_hint" checked="checked" class="tbxforms-radios__input" id="id_method_1" name="method" type="radio" value="email"/>
     <label class="tbxforms-label tbxforms-radios__label" for="id_method_1">
      Email
     </label>
     <span class="tbxforms-hint tbxforms-radios__hint" id="id_method_1_hint">
      Do not give a work email address
     </span>
    </div>
    <div class="tbxforms-radios__item">
     <input class="tbxforms-radios__input" id="id_method_2" name="method" type="radio" value="phone"/>
     <label class="tbxforms-label tbxforms-radios__label" for="id_method_2">
      Phone
     </label>
    </div>
    <div class="tbxforms-radios__divider">
     Or
    </div>
    <div class="tbxforms-radios__item">
     <input class="tbxforms-radios__input" id="id_method_3" name="method" type="radio" value="text"/>
     <label class="tbxforms-label tbxforms-radios__label" for="id_method_3">
      Text message
     </label>
    </div>
   </div>
  </fieldset>
 </div>
</form>
