<form method="post">
 <div aria-labelledby="error-summary-title" class="tbxforms-error-summary" role="alert" tabindex="-1">
  <h2 class="tbxforms-error-summary__title" id="error-summary-title">
   There is a problem with your submission
  </h2>
  <div class="tbxforms-error-summary__body">
   <ul class="tbxforms-list tbxforms-error-summary__list">
    <li>
     <a href="#div_id_name" title="Jump to the 'Name' field">
      Name: Required error message
     </a>
    </li>
   </ul>
  </div>
 </div>
 <div class="tbxforms-form-group tbxforms-form-group--error" id="div_id_name">
  <label class="tbxforms-label" for="id_name">
   Name
  </label>
  <span class="tbxforms-error-message" id="id_name_1_error">
   <span class="tbxforms-visually-hidden">
    Error:
   </span>
   Required error message
  </span>
  <input aria-describedby="id_name_1_error" class="tbxforms-input tbxforms-input--text tbxforms-input--error" id="id_name" name="name" type="text"/>
 </div>
</form>
