<form method="post">
    <div id="div_id_name" class="tbxforms-form-group">
        <label for="id_name" class="tbxforms-label">Name</label>
        <input type="text"
               name="name"
               class="tbxforms-input tbxforms-input--text"
               id="id_name">
    </div>
</form>
