<form method="post">
 <div class="tbxforms-form-group" id="div_id_name">
  <label class="tbxforms-label tbxforms-label--l" for="id_name">
   Name
  </label>
  <span class="tbxforms-hint" id="id_name_hint">
   Help text
  </span>
  <input aria-describedby="id_name_hint" class="tbxforms-input tbxforms-input--text" id="id_name" name="name" type="text"/>
 </div>
</form>
