<form method="post">
 <div aria-labelledby="error-summary-title" class="tbxforms-error-summary" role="alert" tabindex="-1">
  <h2 class="tbxforms-error-summary__title" id="error-summary-title">
   There is a problem with your submission
  </h2>
  <div class="tbxforms-error-summary__body">
   <ul class="tbxforms-list tbxforms-error-summary__list">
    <li>
     <a href="#div_id_method" title="Jump to the 'How would you like to be contacted?' field">
      How would you like to be contacted?: Enter the best way to contact you
     </a>
    </li>
   </ul>
  </div>
 </div>
 <div class="tbxforms-form-group tbxforms-form-group--error" id="div_id_method">
  <label class="tbxforms-label" for="id_method">
   How would you like to be contacted?
  </label>
  <span class="tbxforms-error-message" id="id_method_1_error">
   <span class="tbxforms-visually-hidden">
    Error:
   </span>
   Enter the best way to contact you
  </span>
  <span class="tbxforms-hint" id="id_method_hint">
   Select the most convenient way to contact you.
  </span>
  <select aria-describedby="id_method_1_error id_method_hint" class="tbxforms-select tbxforms-input--error" id="id_method" name="method">
   <option selected="" value="">
    Choose
   </option>
   <option value="email">
    Email
   </option>
   <option value="phone">
    Phone
   </option>
   <option value="text">
    Text message
   </option>
  </select>
 </div>
</form>
