<form method="post">
 <fieldset class="tbxforms-form-group tbxforms-fieldset extra-css-class">
 </fieldset>
</form>
