<form method="post">
 <fieldset class="tbxforms-form-group tbxforms-fieldset" id="new_id">
 </fieldset>
</form>
